[    0.0000] Linx ersion4.5.0-66-eneric (buildd@lg01-md64-044 (c version 7.4.0 (Ubuntu 7.4.0-1ubuntu1~18.04.1)) #75-Ubuntu SMP Tue Oct 1 05:24:09 UTC 2019 (Ubuntu 4.15.0-66.75-generic 4.15.18)
[    0.000000] Command line: BOOT_IMAGE=/boot/vmlinuz-4.15.0-66-generic root=UUID=1f736b6f-1f72-404f-b646-22a765a221c8 ro console=tty1 console=ttyS0
[    0.000000] RNEL supported cpus:
[    0.000000]   Intel GenuineIntel
[    0.000000]   AMD AuthenticAMD
[    0.000000]   Centaur CentaurHauls
[   0.000] x6/u: Suporng XAVfeatur 0001: 'x87 floating point registers'
[    0.000000] x86/fpu: Supporting XSAVE feature 002 'SS risters'
[    0.000000] x86/fpu: Supporting XSAVE feature 0x004: 'AVX registers'
[    0.000000] x86/fpu: xstate_offset[2]:  576, xstate_sizes[2]:  256
[    0.000000] x86/fpu: Enabled xstate features 0x7, contextsize i 82 byte, sing 'stndrd' foma.
[  0000000] e820: IO-proviedphysica R map
   0.000] BIOS-e82: mem x00000000000-0x000000009fbff] usable
[   .00000] IOe820: [mem 0x000000000009fc00-0x000000000009ffff] reserved
[    0.000000] BIOS-e820: [mem 0x00000000000f0000-0x0000000000fffff] reserved
[    0.000000] BIOS-e820: [mem 0x0000000000100000-0x000000003ffeffff] usable
[    0.000000] BIOS-e820: [mem 0x000000003fff0000-0x0000000003fffffff] ACPI data
[    0.000000] BIOS-e820: [mem 0x00000000fec00000-0x00000000fec00fff] reserved
[    0.000000] BIOS-e820: [mem 0x00000000fee00000-0x00000000fee00fff] reserved
[    0.000000] BIOS-e820: [mem 0x00000000fffc0000-0x00000000ffffffff] reserved
[    0.000000] NX (Execute Disable) protection: active
[    0.000000] SMBIOS 2.5 present.
[    0.000000] DMI: innotek GmbH VirtualBox/VirtualBox, BIOS VirtualBox 12/01/2006
[    0.000000] Hypervisor detected: KVM
[    0.000000] e820: last_pfn = 0x3fff0 max_arch_pfn = 0x400000000
[    0.000000] MTRR: Disabled
[    0.000000] x86/PAT: MTRRs disabled, skipping PAT initialization too.
[    0.000000] CPU MTRRs all blank - virtualized system.
[    0.000000] x86/PAT: Configuration [0-7]: WB  WT  UC- UC  WB  WT  UC- UC  
[    0.000000] found SMP MP-table at [mem 0x0009fff0-0x0009ffff]
[    0.000000] Scanning 1 areas for low memory corruption
[    0.000000] RAMDISK: [mem 0x3597b000-0x36cb4ff
[   .00000] ACI:arly tblchecsuveriicion disabld
[    0.000000] ACPI: RSDP x00000000000 00024(v0 VBO  
[   0.0000 ACPI: XS 0x000003FFF0030 00003C (v1 OX   VOXSDT 000001 AL  00006)
[    0.000000] ACPI: FACP 0x000000003FFF00F0 0000F4 (v04 VBOX   VBOXFACP 00000001 ASL  00000061)
[    0.00000] CPI: DSDT 0x000000003FFF0470 0021FF (v02 VBOX   VBOXBIOS 00000002 INTL 20100528)
[    0.000000] ACPI: FACS 0x000000003FFF0200 000040
[    0.000000] ACPI: FACS 0x000000003FFF0200 000040
[    0.000000] ACPI: APIC 0x000000003FFF0240 00005C (v02 VBOX   VBOXAPIC 00000001 ASL  00000061)
[    0.000000] ACPI: SSDT 0x000000003FFF02A0 0001CC (v01 VBOX   VBOXCPUT 00000002 INTL 20100528)
[    0.000000] No NUMA configuration found
[    0.000000] Faking a node at [mem 0x0000000000000000-0x000000003ffeffff]
[    0.000000] NODE_DATA(0) allocated [mem 0x3ffc5000-0x3ffeffff]
[    0.000000] kvm-clock: cpu 0, msr 0:3ff44001, primary cpu clock
[    0.000000] kvm-clock: Using msrs 4b564d01 and 4b564d00
[    0.000000] kvm-clock: using sched offset of 3740046261 cycles
[    0.000000] clocksource: kvm-clock: mask: 0xffffffffffffffff max_cycles: 0x1cd42e4dffb, max_idle_ns: 881590591483 ns
[    0.000000] Zone ranges:
[    0.000000]   DMA      [mem 0x0000000000001000-0x0000000000ffffff]
[    0.000000]   DMA32    [mem 0x0000000001000000-0x000000003ffeffff]
[    0.000000]   Normal   empty
[    0.000000]   Device   empty
[    0.000000] Movable zone start for each node
[    0.000000] Early memory node ranges
[    0.000000]   node   0: [mem 0x0000000000001000-0x000000000009efff]
[    0.000000]   node   0: [mem 0x0000000000100000-0x000000003ffeffff]
[    0.000000] Reserved but unavailable: 98 pages
[    0.000000] Initmem setup node 0 [mem 0x0000000000001000-0x000000003ffeffff]
[    0.000000] ACPI: PM-Timer IO Port: 0x4008
[    0.000000] IOAPIC[0]: apic_id 2, version 32, address 0xfec00000, GSI 0-23
[    0.000000] ACPI: INT_SRC_OVR (bus 0 bus_irq 0 global_irq 2 dfl dfl)
[    0.000000] ACPI: INT_SRC_OVR (bus 0 bus_irq 9 global_irq 9 low level)
[    0.000000] UUsing ACPI (MADT) for SMP configuration information
[    0.000000] smpboot: Allowing 2 CPUs, 0 hotplug CPUs
[    0.000000] PM: Registered nosave memory: [mem 0x00000000-0x00000fff]
[    0.000000] PM: Registered nosave memory: [mem 0x0009f000-0x0009ffff]
[    0.000000] PM: Registered nosave memory: [mem 0x000a0000-0x000effff]
[    0.000000] PM: Registered nosave memory: [mem 0x000f0000-0x000fffff]
[    0.000000] e820: [mem 0x40000000-0xfebfffff] available for PCI devices
[    0.000000] Booting paravirtualized kernel on KVM
[    0.000000] clocksource: refined-jiffies: mask: 0xffffffff max_cycles: 0xffffffff, max_idle_ns: 7645519600211568 ns
[    0.000000] random: get_random_bytes called from start_kernel+0x99/0x4fd with crng_init=0
[    0.000000] setup_percpu: NR_CPUS:8192 nr_cpumask_bits:2 nr_cpu_ids:2 nr_ne_ids1[   0.0000] pecp: Emedd 46 pge/cpu s151552 r8192 8672 u10457
[   0.0000] PV qspinlock hashtale etres: 256 (order: 0, 4096byes)
[    000000]uilt 1zolist, bilitygrping on.  Total pages: 257913
[    0.000000] Policy zone DMA32
[    0.000000] Kernel command line: BOOT_IMAGE=/boot/vmlinuz-4.15.0-66-generic rot=UUID=1f736b6f-1f72-404f-b646-22a765a221c8 ro console=tty1 console=ttyS0
[    0.000000] Memory: 982892K/1048120K available (12300K kernel code, 2481K rwdata, 4260K rodata, 2436K init, 2388K bss, 65228K reserved, 0K cma-reserved)
[    0.000000] SLUB: HWalign=64, Order=0-3, MinObjects=0, CPUs=2, Nodes=1
[    0.000000] Kernel/User page tables isolation: enabled
[    0.000000] ftrace: allocating 39306 entries in 154 pages
[    0.004000] HierarchialRCU imleentaio.
[    0.00400] RCU restricting PUfrom NR_CPUS=892 to r_pu_ids=2.
[    0.00400] 	Tsk RU enabled
   0.004000]RCU:Adstin gmetry for rcuanoulef=16, r_pu_ids=2
[    0.004000] NR_RQS:24544, nr_irqs: 440, preallocated irqs: 16
[    0.004000] Console: colour VGA+ 80x25
[    0.004000] console [tty1] enabled
[    0.004000] console [ttyS0] enabled
[    0.004000] ACPI: Core revision 20170831
[    0.004000] ACPI: 2 ACPI AML tables successfully acquired and loaded
[    0.004000] APIC: Switch to symmetric I/O mode setup
[    0.004000] x2apic enabled
[    0.004000] Switched APIC routing to physical x2apic.
[    0.004000] ..TIMER: vector=0x30 apic1=0 pin1=2 apic2=-1 pin2=-1
[    0.004004] tsc: Detected 2207.998 MHz processor
[    0.005115] Calibrating delay loop (skipped) preset value.. 4415.99 BogoMIPS (lpj=8831992)
[    0.008006] pid_max: default: 32768 minimum: 301
[    0.009215] Security Framework initialized
[    0.010142] Yama: becoming mindful.
[    0.010922] AppArmor: AppArmor initialized
[    0.012103] Dentry cache hash table entries: 131072 (order: 8, 1048576  bytes)
[    0.016055] Inode-cache hash table entries: 65536 (order: 7, 524288 bytes)
[    0.020025] Mount-cache hash table entries: 2048 (order: 2, 16384 bytes)
[    0.024013] Mountpoint-cache hash table entries: 2048 (order: 2, 16384 bytes)
[    0.028204] Last level iTLB entries: 4KB 64, 2MB 8, 4MB 8
[    0.032005] Last level dTLB entries: 4KB 64, 2MB 0, 4MB 0, 1GB 4
[    0.036005] Spectre V1 : Mitigation: usercopy/swapgs barriers and __user pointer sanitization
[    0.040005] Spectre V2 : Mitigation: Full generic retpoline
[    0.044004] Spectre V2 : Spectre v2 / SpectreRSB mitigation: Filling RSB on context switch
[    0.048005] Speculative Store Bypass: Vulnerable
[    0.052040] MDS: Mitigation: Clear CPU buffers
[    0.053060] Freeing SMP alternatives memory: 36K
[    0.166099] smpboot: CPU0: Intel(R) Core(TM) i7-8750H CPU @ 2.20GHz (family: 0x6, model: 0x9e, stepping: 0xa)
[    0.168076] Performance Events: unsupported p6 CPU model 158 no PMU driver, software events only.
[    0.172050] Hierarchical SRCU implementation.
[    0.176509] NMI watchdog: Perf event create on CPU 0 failed with -2
[    0.180005] NMI watchdog: Perf NMI watchdog permanently disabled
[    0.184062] smp: Bringing up secondary CPUs ...
[    0.188075] x86: Booting SMP configuration:
[    0.192007] .... node  #0, CPUs:      #1
[    0.004000] kvm-clock: cpu 1, msr 0:3ff44041, secondary cpu clock
[    0.384020] smp: Brought up 1 node, 2 CPUs
[    0.388010] smpboot: Max logical packages: 1
[    0.392009] smpboot: Total of 2 processors activated (8831.99 BogoMIPS)
[    0.396133] devtmpfs: initialized
[    0.400059] x86/mm: Memory block size: 128MB
[    0.404132] evm: security.selinux
[    0.408006] evm: security.SMACK64
[    0.412005] evm: security.SMACK64EXEC
[    0.412866] evm: security.SMACK64TRANSMUTE
[    0.416003] evm: security.SMACK64MMAP
[    0.416864] evm: security.apparmor
[    0.417707] evm: security.ima
[    0.418414] evm: security.capability
[    0.420020] clocksource: jiffies: mask: 0xffffffff max_cycles: 0xffffffff, max_idle_ns: 7645041785100000 ns
[    0.420020] futex hash table entries: 512 (order: 3, 32768 bytes)
[    0.425367] pinctrl core: initialized pinctrl subsystem
[    0.426733] RTC time:  1:16:31, date: 10/29/19
[    0.428145] NET: Registered protocol family 16
[    0.429248] audit: initializing netlink subsys (disabled)
[    0.432029] audit: type=2000 audit(1572311788.980:1): state=initialized audit_enabled=0 res=1
[    0.434063] cpuidle: using governor ladder
[    0.434063] cpuidle: using governor menu
[    0.436002] ACPI: bus type PCI registered
[    0.436002] acpiphp: ACPI Hot Plug PCI Controller Driver version: 0.5
[    0.436103] PCI: Using configuration type 1 for base access
[    0.440029] HugeTLB registered 2.00 MiB page size, pre-allocated 0 pages
[    0.448153] ACPI: Added _OSI(Module Device)
[    0.492006] ACPI: Added _OSI(Processor Device)
[    0.660005] ACPI: Added _OSI(3.0 _SCP Extensions)
[    0.800006] ACPI: Added _OSI(Processor Aggregator Device)
[    1.032008] ACPI: Added _OSI(Linux-Dell-Video)
[    1.036007] ACPI: Added _OSI(Linux-Lenovo-NV-HDMI-Audio)
[    1.040007] ACPI: Added _OSI(Linux-HPI-Hybrid-Graphics)
[    1.044324] ACPI: Executed 1 blocks of module-level executable AML code
[    1.052678] ACPI: Interpreter enabled
[    1.056022] ACPI: (supports S0 S5)
[    1.060006] ACPI: Using IOAPIC for interrupt routing
[    1.064199] PCI: Using host bridge windows from ACPI; if necessary, use "pci=nocrs" and report a bug
[    1.066478] ACPI: Enabled 2 GPEs in block 00 to 07
[    1.074052] ACPI: PCI Root Bridge [PCI0] (domain 0000 [bus 00-ff])
[    1.075377] acpi PNP0A03:00: _OSC: OS supports [ASPM ClockPM Segments MSI]
[    1.076026] acpi PNP0A03:00: _OSC: not requesting OS control; OS requires [ExtendedConfig ASPM ClockPM MSI]
[    1.078047] acpi PNP0A03:00: fail to add MMCONFIG information, can't access extended PCI configuration space under this bridge.
[    1.080426] PCI host bridge to bus 0000:00
[    1.081291] pci_bus 0000:00: root bus resource [io  0x0000-0x0cf7 window]
[    1.082682] pci_bus 0000:00: root bus resource [io  0x0d00-0xffff window]
[    1.084006] pci_bus 0000:00: root bus resource [mem 0x000a0000-0x000bffff window]
[    1.085651] pci_bus 0000:00: root bus resource [mem 0x40000000-0xfdffffff window]
[    1.088004] pci_bus 0000:00: root bus resource [bus 00-ff]
[    1.092003] pci 0000:00:01.1: legacy IDE quirk: reg 0x10: [io  0x01f0-0x01f7]
[    1.093514] pci 0000:00:01.1: legacy IDE quirk: reg 0x14: [io  0x03f6]
[    1.094852] pci 0000:00:01.1: legacy IDE quirk: reg 0x18: [io  0x0170-0x0177]
[    1.096007] pci 0000:00:01.1: legacy IDE quirk: reg 0x1c: [io  0x0376]
[    1.110053] pci 0000:00:07.0: quirk: [io  0x4000-0x403f] claimed by PIIX4 ACPI
[    1.112025] pci 0000:00:07.0: quirk: [io  0x4100-0x410f] claimed by PIIX4 SMB
[    1.122279] ACPI: PCI Interrupt Link [LNKA] (IRQs 5 9 10 *11)
[    1.124270] ACPI: PCI Interrupt Link [LNKB] (IRQs 5 9 *10 11)
[    1.128140] ACPI: PCI Interrupt Link [LNKC] (IRQs 5 *9 10 11)
[    1.132137] ACPI: PCI Interrupt Link [LNKD] (IRQs 5 9 10 *11)
[    1.136343] SCSI subsystem initialized
[    1.140055] pci 0000:00:02.0: vgaarb: setting as boot VGA device
[    1.144000] pci 0000:00:02.0: vgaarb: VGA device added: decodes=io+mem,owns=io+mem,locks=none
[    1.144008] pci 0000:00:02.0: vgaarb: bridge control possible
[    1.148005] vgaarb: loaded
[    1.152037] ACPI: bus type USB registered
[    1.156039] usbcore: registered new interface driver usbfs
[    1.160025] usbcore: registered new interface driver hub
[    1.161437] usbcore: registered new device driver usb
[    1.164084] EDAC MC: Ver: 3.0.0
[    1.165174] PCI: Using ACPI for IRQ routing
[    1.165318] NetLabel: Initializing
[    1.168004] NetLabel:  domain hash size = 128
[    1.169128] NetLabel:  protocols = UNLABELED CIPSOv4 CALIPSO
[    1.172023] NetLabel:  unlabeled traffic allowed by default
[    1.176069] clocksource: Switched to clocksource kvm-clock
[    1.187792] VFS: Disk quotas dquot_6.6.0
[    1.188774] VFS: Dquot-cache has tle entries:12orr  46 te
  1.77] pAorAprm Feste Enabld
[  2.91] p:nPACPI init

[    2.267596] pnp: PnP ACPI: found 3 devices
[    2.278194] clocksource: acpi_pm: mask: 0xffffff max_cycles: 0xffffff, max_idle_ns: 2085701024 ns
[    2.280409] NET: Registered protocol family 2
[    2.281610] TCP established hash table entries: 8192 (order: 4, 65536 bytes)
[    2.283054] TCP bind hash table entries: 8192 (order: 5, 131072 bytes)
[    2.285636] TCP: Hash tables configured (established 8192 bind 8192)
[    2.287003] UDP hash table entries: 512 (order: 2, 16384 bytes)
[    2.288311] UDP-Lite hash table entries: 512 (order: 2, 16384 bytes)
[    2.289684] NET: Registered protocol family 1
[    2.290645] pci 0000:00:00.0: Limiting direct PCI/PCI transfers
[    2.291836] pci 0000:00:01.0: Activating ISA DMA hang workarounds
[    2.293020] pci 0000:00:02.0: Video device with shadowed ROM at [mem 0x000c0000-0x000dffff]
[    2.294630] Unpacking initramfs...
[    2.549077] Freeing initrd memory: 19688K
[    2.629706] clocksource: tsc: mask: 0xffffffffffffffff max_cycles: 0x1fd3b6211b4, max_idle_ns: 440795230313 ns
[    2.779169] platform rtc_cmos: registered platform RTC device (no PNP device found)
[    2.781559] Scanning for low memory corruption every 60 seconds
[    2.910985] Initialise system trusted keyrings
[    2.998957] Key type blacklist registered
[    3.078025] workingset: timestamp_bits=36 max_order=18 bucket_order=0
[    3.178589] zbud: loaded
[    3.210448] squashfs: version 4.0 (2009/01/31) Phillip Lougher
[    3.292670] fuse init (API version 7.26)
[    3.340593] Key type asymmetric registered
[    3.341705] Asymmetric key parser 'x509' registered
[    3.342959] Block layer SCSI generic (bsg) driver version 0.4 loaded (major 246)
[    3.345023] io scheduler noop registered
[    3.346356] io scheduler deadline registered
[    3.360696] io scheduler cfq registered (default)
[    3.362463] ACPI: AC Adapter [AC] (on-line)
[    3.369557] input: Power Button as /devices/LNXSYSTM:00/LNXPWRBN:00/input/input0
[    3.377766] ACPI: Power Button [PWRF]
[    3.380885] input: Sleep Button as /devices/LNXSYSTM:00/LNXSLPBN:00/input/input1
[    3.388944] ACPI: Sleep Button [SLPF]
[    3.390512] Serial: 8250/16550 driver, 32 ports, IRQ sharing enabled
[    3.392922] ACPI: Battery Slot [BAT0] (battery present)
[    3.642482] 00:02: ttyS0 at I/O 0x3f8 (irq = 4, base_baud = 115200) is a 16550A
[    3.645283] Linux agpgart interface v0.103
[    3.647128] loop: module loaded
[    3.648481] scsi host0: ata_piix
[    3.649366] scsi host1: ata_piix
[    3.650173] ata1: PATA max UDMA/33 cmd 0x1f0 ctl 0x3f6 bmdma 0xd000 irq 14
[    3.651654] ata2: PATA max UDMA/33 cmd 0x170 ctl 0x376 bmdma 0xd008 irq 15
[    3.653276] libphy: Fixed MDIO Bus: probed
[    3.654269] tun: Universal TUN/TAP device driver, 1.6
[    3.655432] PPP generic driver version 2.4.2
[    3.656460] ehci_hcd: USB 2.0 'Enhanced' Host Controller (EHCI) Driver
[    3.657799] ehci-pci: EHCI PCI platform driver
[    3.658755] ehci-platform: EHCI generic platform driver
[    3.659900] ohci_hcd: USB 1.1 'Open' Host Controller (OHCI) Driver
[    3.661230] ohci-pci: OHCI PCI platform driver
[    3.662180] ohci-platform: OHCI generic platform driver
[    3.700419] uhci_hcd: USB Universal Host Controller Interface driver
[    3.705281] i8042: PNP: PS/2 Controller [PNP0303:PS2K,PNP0f03:PS2M] at 0x60,0x64 irq 1,12
[    3.713932] serio: i8042 KBD port at 0x60,0x64 irq 1
[    3.721058] serio: i8042 AUX port at 0x60,0x64 irq 12
[    3.722430] mousedev: PS/2 mouse device common for all mice
[    3.724352] rtc_cmos rtc_cmos: rtc core: registered rtc_cmos as rtc0
[    3.726150] input: AT Translated Set 2 keyboard as /devices/platform/i8042/serio0/input/input2
[    3.728353] rtc_cmos rtc_cmos: alarms up to one day, 114 bytes nvram
[    3.729888] i2c /dev entries driver
[    3.733486] device-mapper: uevent: version 1.0.3
[    3.734931] device-mapper: ioctl: 4.37.0-ioctl (2017-09-20) initialised: dm-devel@redhat.com
[    3.737085] ledtrig-cpu: registered to indicate activity on CPUs
[    3.739129] NET: Registered protocol family 10
[    3.743459] Segment Routing with IPv6
[    3.744484] NET: Registered protocol family 17
[    3.745635] Key type dns_resolver registered
[    3.746878] mce: Using 0 MCE banks
[    3.747766] RAS: Correctable Errors collector initialized.
[    3.749128] sched_clock: Marking stable (3749109588, 0)->(12011535654, -8262426066)
[    3.751391] registered taskstats version 1
[    3.752282] Loading compiled-in X.509 certificates
[    3.755207] Loaded X.509 cert 'Build timeaautogenerated kernel key: 01a66adcc10ca4ce7676a3458c33483b0e2b806e'
[    4.161538] zswap: loaded using pool lzo/zbud
[    4.291863] Key type big_key registered
[    4.439415] Key type trusted registered
[    4.442102] Key type encrypted registered
[    4.443132] AppArmor: AppArmor sha1 policy hashing enabled
[    4.444443] ima: No TPM chip found, activating TPM-bypass! (rc=-19)
[    4.445780] ima: Allocated hash algorithm: sha1
[    4.446831] evm: HMAC attrs: 0x1
[    4.447812]   Magic number: 7:28:257
[    4.448779] rtc_cmos rtc_cmos: setting system clock to 2019-10-29 01:16:36 UTC (1572311796)
[    4.450833] BIOS EDD facility v0.16 2004-Jun-25, 0 devices found
[    4.452135] EDD information not available.
[    4.455116] Freeing unused kernel image memory: 2436K
[    4.480161] Write protecting the kernel read-only data: 20480k
[    4.701792] Freeing unused kernel image memory: 2008K
[    4.845433] Freeing unused kernel image memory: 1884K
[    4.877203] x86/mm: Checked W+X mappings: passed, no W+X pages found.
[    5.078691] x86/mm: Checking user space page tables
[    5.262857] x86/mm: Checked W+X mappings: passed, no W+X pages found.
Loading, please wait...
starting version 237
[    5.550441] e1000: Intel(R) PRO/1000 Network Driver - version 7.3.21-k8-NAPI
[    5.553800] e1000: Copyright (c) 1999-2006 Intel Corporation.
[    5.559550] Fusion MPT base driver 3.04.20
[    5.564734] Copyright (c) 1999-2008 LSI Corporation
[    5.570616] Fusion MPT SPI Host driver 3.04.20
[    5.656087] mptbase: ioc0: Initiating bringup
[    5.777399] AVX2 version of gcm_enc/dec engaged.
[    5.843597] AES CTR mode by8 optimization enabled
[    5.924269] ioc0: LSI53C1030 A0: Capabilities={Initiator}
[    6.046882] input: ImExPS/2 Generic Explorer Mouse as /devices/platform/i8042/serio1/input/input4
[    6.389997] scsi host2: ioc0: LSI53C1030 A0, FwRev=00000000h, Ports=1, MaxQ=256, IRQ=20
[    6.791070] scsi 2:0:0:0: Direct-Access     VBOX     HARDDISK         1.0  PQ: 0 ANSI: 5
[    7.570446] scsi target2:0:0: Beginning Domain Validation
[    7.595652] scsi target2:0:0: Domain Validation skipping write tests
[    7.706029] scsi target2:0:0: Ending Domain Validation
[    7.712943] scsi target2:0:0: asynchronous
[    7.715753] scsi 2:0:1:0: Direct-Access     VBOX     HARDDISK         1.0  PQ: 0 ANSI: 5
[    7.865364] scsi target2:0:1: Beginning Domain Validation
[    7.893115] e1000 0000:00:03.0 eth0: (PCI:33MHz:32-bit) 02:19:d6:3c:94:c8
[    8.110138] random: fast init done
[    8.299536] e1000 0000:00:03.0 eth0: Intel(R) PRO/1000 Network Connection
[    8.502058] scsi target2:0:1: Domain Validation skipping write tests
[    8.799668] scsi target2:0:1: Ending Domain Validation
[    8.802143] random: systemd-udevd: uninitialized urandom read (16 bytes read)
[    8.803919] random: systemd-udevd: uninitialized urandom read (16 bytes read)
[    8.805728] scsi target2:0:1: asynchronous
[    8.805732] random: systemd-udevd: uninitialized urandom read (16 bytes read)
[    8.810549] e1000 0000:00:03.0 enp0s3: renamed from eth0
[    8.815460] sd 2:0:0:0: Attached scsi generic sg0 type 0
[    8.816775] sd 2:0:0:0: [sda] 20971520 512-byte logical blocks: (10.7 GB/10.0 GiB)
[    8.818676] sd 2:0:1:0: Attached scsi generic sg1 type 0
[    8.818704] sd 2:0:0:0: [sda] Write Protect is off
[    8.821448] sd 2:0:1:0: [sdb] 20480 512-byte logical blocks: (10.5 MB/10.0 MiB)
[    8.824056] sd 2:0:1:0: [sdb] Write Protect is off
[    8.825473] sd 2:0:0:0: [sda] Incomplete mode parameter data
[    8.825521] sd 2:0:1:0: [sdb] Incomplete mode parameter data
[    8.826999] sd 2:0:0:0: [sda] Assuming drive cache: write through
[    8.828517] sd 2:0:1:0: [sdb] Assuming drive cache: write through
[    8.835468]  sda: sda1
[    8.836836] sd 2:0:1:0: [sdb] Attached SCSI disk
[    8.838895] sd 2:0:0:0: [sda] Attached SCSI disk
Begin: Loading essential drivers ... [   10.208705] raid6: sse2x1   gen() 14477 MB/s
[   10.432216] raid6: sse2x1   xor()  8750 MB/s
[   10.664285] raid6: sse2x2   gen() 15800 MB/s
[   10.956259] raid6: sse2x2   xor()  9861 MB/s
[   11.038669] raid6: sse2x4   gen() 18083 MB/s
[   11.184356] raid6: sse2x4   xor() 10728 MB/s
[   11.464007] raid6: avx2x1   gen() 27018 MB/s
[   11.652295] raid6: avx2x1   xor() 16519 MB/s
[   11.886206] raid6: avx2x2   gen() 32749 MB/s
[   12.098518] raid6: avx2x2   xor() 18525 MB/s
[   12.148318] raid6: avx2x4   gen() 36802 MB/s
[   12.388841] raid6: avx2x4   xor() 23001 MB/s
[   12.579069] raid6: using algorithm avx2x4 gen() 36802 MB/s
[   12.811664] raid6: .... xor() 23001 MB/s, rmw enabled
[   12.903418] raid6: using avx2x2 recovery algorithm
[   12.990401] xor: automatically using best checksumming function   avx       
[   13.137601] async_tx: api initialized (async)
done.
Begin: Running /scripts/init-premount ... done.
Begin: Mounting root file system ... Begin: Running /scripts/local-top ... done.
Begin: Running /scripts/local-premount ... [   13.208550] Btrfs loaded, crc32c=crc32c-intel
Scanning for Btrfs filesystems
done.
Warning: fsck no[   13.230948] EXT4-fs (sda1): INFO: recovery required on readonly filesystem
t present, so skipping root file system
[   13.340387] EXT4-fs (sda1): write access will be enabled during recovery
[   13.408382] EXT4-fs (sda1): recovery complete
[   13.409451] EXT4-fs (sda1): mounted filesystem with ordered data mode. Opts: (null)
done.
Begin: Running /scripts/local-bottom ... done.
Begin: Running /scripts/init-bottom ... done.
[   13.575658] ip_tables: (C) 2000-2006 Netfilter Core Team
[   13.585030] systemd[1]: systemd 237 running in system mode. (+PAM +AUDIT +SELINUX +IMA +APPARMOR +SMACK +SYSVINIT +UTMP +LIBCRYPTSETUP +GCRYPT +GNUTLS +ACL +XZ +LZ4 +SECCOMP +BLKID +ELFUTILS +KMOD -IDN2 +IDN -PCRE2 default-hierarchy=hybrid)
[   13.589050] systemd[1]: Detected virtualization oracle.
[   13.590067] systemd[1]: Detected architecture x86-64.

Welcome to [1mUbuntu 18.04.3 LTS[0m!

[   14.021344] systemd[1]: Set hostname to <ubuntu-bionic>.
[   15.250732] systemd[1]: Reached target System Time Synchronized.
[[0;32m  OK  [0m] Reached target System Time Synchronized.
[   16.426627] systemd[1]: Created slice User and Session Slice.
[[0;32m  OK  [0m] Created slice User and Session Slice.
[   18.041065] systemd[1]: Reached target User and Group Name Lookups.
[[0;32m  OK  [0m] Reached target User and Group Name Lookups.
[   19.155910] systemd[1]: Set up automount Arbitrary Executable File Formats File System Automount Point.
[[0;32m  OK  [0m] Set up automount Arbitrary Executabâ€¦rmats File System Automount Point.
[   21.105311] systemd[1]: Created slice System Slice.
[[0;32m  OK  [0m] Created slice System Slice.
[   21.905653] systemd[1]: Listening on LVM2 poll daemon socket.
[[0;32m  OK  [0m] Listening on LVM2 poll daemon socket.
[   21.908264] systemd[1]: Listening on /dev/initctl Compatibility Named Pipe.
[[0;32m  OK  [0m] Listening on /dev/initctl Compatibility Named Pipe.
[   21.912650] systemd[1]: Listening on Journal Audit Socket.
[[0;32m  OK  [0m] Listening on Journal Audit Socket.
[   21.915363] systemd[1]: Created slice system-postgresql.slice.
[[0;32m  OK  [0m] Created slice system-postgresql.slice.
[   21.917882] systemd[1]: Listening on Journal Socket.
[[0;32m  OK  [0m] Listening on Journal Socket.
[   21.921707] systemd[1]: Starting Remount Root and Kernel File Systems...
         Starting Remount Root and Kernel File Systems...
[   21.924569] systemd[1]: Created slice system-serial\x2dgetty.slice.
[[0;32m  OK  [0m] Created slice system-serial\x2dgetty.slice.
[   21.927183] systemd[1]: Listening on Syslog Socket.
[[0;32m  OK  [0m] Listening on Syslog Socket.
         Starting Uncomplicated firewall...
         Starting Create list of required stâ€¦ce nodes for the current kernel...
         Starting Load Kernel Modules...
[[0;32m  OK  [0m] Listening on udev Control Socket.
         Mounting POSIX Message Queue File System...
[[0;32m  OK  [0m] Listening on Journal Socket (/dev/log).
[   21.948861] EXT4-fs (sda1): re-mounted. Opts: (null)
         Starting Journal Service...
[[0;32m  OK  [0m] Reached target Swap.
[[0;32m  OK  [0m] [   21.993094] Loading iSCSI transport class v2.0-870.
Reached target Slices.
[   22.206679] iscsi: registered transport (tcp)
[[0;32m  OK  [0[   22.360525] random: crng init done
m] Listening on [   22.477080] random: 7 urandom warning(s) missed due to ratelimiting
Device-mapper event daemon FIFOs.
[   22.695593] iscsi: registered transport (iser)
[[0;32m  OK  [0m] Listening on LVM2 metadata daemon socket.
         Starting Monitoring of LVM2 mirrorsâ€¦ng dmeventd or progress polling...
[[0;32m  OK  [0m] Started Forward Password Requests to Wall Directory Watch.
[[0;32m  OK  [0m] Listening on udev Kernel Socket.
         Mounting Huge Pages File System...
         Mounting Kernel Debug File System...
         Starting Set the console keyboard layout...
         Starting udev Coldplug all Devices...
[[0;32m  OK  [0m] Listening on Network Service Netlink Socket.
[[0;32m  OK  [0m] Started Journal Service.
[[0;32m  OK  [0m] Started Remount Root and Kernel File Systems.
[[0;32m  OK  [0m] Started Uncomplicated firewall.
[[0;32m  OK  [0m] Started Create list of required staâ€¦vice nodes for the current kernel.
[[0;32m  OK  [0m] Started Load Kernel Modules.
[[0;32m  OK  [0m] Mounted POSIX Message Queue File System.
[[0;32m  OK  [0m] Mounted Huge Pages File System.
[[0;32m  OK  [0m] Mounted Kernel Debug File System.
[[0;32m  OK  [0m] Started Set the console keyboard layout.
[[0;32m  OK  [0m] Started LVM2 metadata daemon.
         Starting Apply Kernel Variables...
         Mounting FUSE Control File System...
         Mounting Kernel Configuration File System...
         Starting Create Static Device Nodes in /dev...
         Starting Load/Save Random Seed...
         Starting Flush Journal to Persistent Storage...
[[0;32m  OK  [0m] Started Monitoring of LVM2 mirrors,â€¦sing dmeventd or progress polling.
[[0;32m  OK  [0m] Started udev Coldplug all Devices.
[[0;32m  OK  [0m] Started Apply Kernel Variables.
[[0;32m  OK  [0m] Mounted FUSE Control File System.
[[0;32m  OK  [0m] Mounted Kernel Configuration File System.
[[0;32m  OK  [0m] Started Create Static Device Nodes in /dev.
[[0;32m  OK  [0m] Started Load/Save Random Seed.
         Starting udev Kernel Device Manager...
[[0;32m  OK  [0m] Reached target Local File Systems (Pre).
         Mounting Mount unit for core, revision 7917...
         Mounting Mount unit for heroku, revision 3832...
         Mounting Mount unit for core, revision 7713...
[[0;32m  OK  [0m] Reached target Local File Systems.
         Starting Tell Plymouth To Write Out Runtime Data...
         Starting Set console font and keymap...
         Starting ebtables ruleset management...
         Starting AppArmor initialization...
         Mounting Mount unit for heroku, revision 3828...
[[0;32m  OK  [0m] Started udev Kernel Device Manager.
[[0;32m  OK  [0m] Mounted Mount unit for core, revision 7917.
[[0;32m  OK  [0m] Mounted Mount unit for heroku, revision 3832.
[[0;32m  OK  [0m] Mounted Mount unit for core, revision 7713.
[[0;32m  OK  [0m] Started Tell Plymouth To Write Out Runtime Data.
[[0;32m  OK  [0m] Started Set console font and keymap.
[[0;32m  OK  [0m] Mounted Mount unit for heroku, revision 3828.
[[0;32m  OK  [0m] Found device /dev/ttyS0.
[[0;32m  OK  [0m] Listening on Load/Save RF Kill Switch Status /dev/rfkill Watch.
[[0;32m  OK  [0m] Started Dispatch Password Requests to Console Directory Watch.
[[0;32m  OK  [0m] Reached target Local Encrypted Volumes.
[[0;32m  OK  [0m] Started ebtables ruleset management.
[[0;32m  OK  [0m] Started Flush Journal to Persistent Storage.
         Starting Create Volatile Files and Directories...
[[0;32m  OK  [0m] Started AppArmor initialization.
[[0;32m  OK  [0m] Started Create Volatile Files and Directories.
         Starting Update UTMP about System Boot/Shutdown...
         Starting Initial cloud-init job (pre-networking)...
[[0;32m  OK  [0m] Started Update UTMP about System Boot/Shutdown.
[   25.546531] cloud-init[642]: Cloud-init v. 19.1-1-gbaa47854-0ubuntu1~18.04.1 running 'init-local' at Tue, 29 Oct 2019 01:16:57 +0000. Up 25.36 seconds.
[[0;32m  OK  [0m] Started Initial cloud-init job (pre-networking).
[[0;32m  OK  [0m] Reached target Network (Pre).
         Starting Network Service...
[[0;32m  OK  [0m] Started Network Service.
         Starting Wait for Network to be Configured...
         Starting Network Name Resolution...
[[0;32m  OK  [0m] Started Network Name Resolution.
[[0;32m  OK  [0m] Reached target Host and Network Name Lookups.
[[0;32m  OK  [0m] Reached target Network.
[[0;32m  OK  [0m] Started Wait for Network to be Configured.
         Starting Initial cloud-init job (metadata service crawler)...
[   27.260780] cloud-init[771]: Cloud-init v. 19.1-1-gbaa47854-0ubuntu1~18.04.1 running 'init' at Tue, 29 Oct 2019 01:16:59 +0000. Up 27.14 seconds.
[   27.344203] cloud-init[771]: ci-info: ++++++++++++++++++++++++++++++++++++++Net device info++++++++++++++++++++++++++++++++++++++
[   27.379102] cloud-init[771]: ci-info: +--------+------+----------------------------+---------------+--------+-------------------+
[   27.387743] cloud-init[771]: ci-info: | Device |  Up  |          Address           |      Mask     | Scope  |     Hw-Address    |
[   27.393330] cloud-init[771]: ci-info: +--------+------+----------------------------+---------------+--------+-------------------+
[   27.396081] cloud-init[771]: ci-info: | enp0s3 | True |         10.0.2.15          | 255.255.255.0 | global | 02:19:d6:3c:94:c8 |
[   27.398911] cloud-init[771]: ci-info: | enp0s3 | True | fe80::19:d6ff:fe3c:94c8/64 |       .       |  link  | 02:19:d6:3c:94:c8 |
[   27.401790] cloud-init[771]: ci-info: |   lo   | True |         127.0.0.1          |   255.0.0.0   |  host  |         .         |
[   27.405795] cloud-init[771]: ci-info: |   lo   | True |          ::1/128           |       .       |  host  |         .         |
[   27.408474] cloud-init[771]: ci-info: +--------+------+----------------------------+---------------+--------+-------------------+
[   27.411138] cloud-init[771]: ci-info: ++++++++++++++++++++++++++++Route IPv4 info+++++++++++++++++++++++++++++
[   27.413291] cloud-init[771]: ci-info: +-------+-------------+----------+-----------------+-----------+-------+
[   27.415398] cloud-init[771]: ci-info: | Route | Destination | Gateway  |     Genmask     | Interface | Flags |
[   27.418753] cloud-init[771]: ci-info: +-------+-------------+----------+-----------------+-----------+-------+
[   27.422317] cloud-init[771]: ci-info: |   0   |   0.0.0.0   | 10.0.2.2 |     0.0.0.0     |   enp0s3  |   UG  |
[   27.425632] cloud-init[771]: ci-info: |   1   |   10.0.2.0  | 0.0.0.0  |  255.255.255.0  |   enp0s3  |   U   |
[   27.428165] cloud-init[771]: ci-info: |   2   |   10.0.2.2  | 0.0.0.0  | 255.255.255.255 |   enp0s3  |   UH  |
[   27.430112] cloud-init[771]: ci-info: +-------+-------------+----------+-----------------+-----------+-------+
[   27.431887] cloud-init[771]: ci-info: +++++++++++++++++++Route IPv6 info+++++++++++++++++++
[   27.434759] cloud-init[771]: ci-info: +-------+-------------+---------+-----------+-------+
[   27.436437] cloud-init[771]: ci-info: | Route | Destination | Gateway | Interface | Flags |
[   27.437982] cloud-init[771]: ci-info: +-------+-------------+---------+-----------+-------+
[   27.439568] cloud-init[771]: ci-info: |   1   |  fe80::/64  |    ::   |   enp0s3  |   U   |
[[   27.472799] cloud-init[771]: ci-info: |   3   |    local    |    ::   |   enp0s3  |   U   |
[   27.473046] cloud-init[771]: ci-info: |   4   |   ff00::/8  |    ::   |   enp0s3  |   U   |
[0;32m  OK  [0m] Started Initial cloud-init job (metadata service crawler).
[   27.473343] cloud-init[771]: ci-info: +-------+-------------+---------+-----------+-------+
[[0;32m  OK  [0m] Reached target Cloud-config availability.
[[0;32m  OK  [0m] Reached target System Initialization.
[[0;32m  OK  [0m] Listening on ACPID Listen Socket.
         Starting LXD - unix socket.
[[0;32m  OK  [0m] Listening on UUID daemon activation socket.
[[0;32m  OK  [0m] Started Message of the Day.
[[0;32m  OK  [0m] Started ACPI Events Check.
[[0;32m  OK  [0m] Started Discard unused blocks once a week.
         Starting Socket activation for snappy daemon.
[[0;32m  OK  [0m] Listening on Open-iSCSI iscsid Socket.
[[0;32m  OK  [0m] Started Daily Cleanup of Temporary Directories.
[[0;32m  OK  [0m] Reached target Paths.
[[0;32m  OK  [0m] Listening on D-Bus System Message Bus Socket.
[[0;32m  OK  [0m] Started Daily apt download activities.
[[0;32m  OK  [0m] Started Daily apt upgrade and clean activities.
[[0;32m  OK  [0m] Reached target Timers.
[[0;32m  OK  [0m] Reached target Network is Online.
[[0;32m  OK  [0m] Reached target Remote File Systems (Pre).
[[0;32m  OK  [0m] Reached target Remote File Systems.
         Starting Availability of block devices...
[[0;32m  OK  [0m] Listening on LXD - unix socket.
[[0;32m  OK  [0m] Listening on Socket activation for snappy daemon.
[[0;32m  OK  [0m] Reached target Sockets.
[[0;32m  OK  [0m] Reached target Basic System.
[[0;32m  OK  [0m] Started irqbalance daemon.
         Starting Dispatcher daemon for systemd-networkd...
         Starting PostgreSQL Cluster 10-main...
         Starting LSB: automatic crash report generation...
         Starting System Logging Service...
[[0;32m  OK  [0m] Started D-Bus System Message Bus.
         Starting Virtualbox guest utils...
         Starting Snappy daemon...
[[0;32m  OK  [0m] Started Regular background program processing daemon.
         Starting LSB: Record successful boot for GRUB...
         Starting Permit User Sessions...
         Starting OpenBSD Secure Shell server...
[[0;32m  OK  [0m] Started Deferred execution scheduler.
         Starting Login Service...
         Starting Accounts Service...
         Starting Resets System Activity Data Collector...
[[0;32m  OK  [0m] Started FUSE filesystem for LXC.
         Starting LXD - container startup/shutdown...
[[0;32m  OK  [0m] Started System Logging Service.
[[0;32m  OK  [0m] Started Dispatcher daemon for systemd-networkd.
[[0;32m  OK  [0m] Started Availability of block devices.
[[0;32m  OK  [0m] Started Permit User Sessions.
         Starting Hold until boot process finishes up...
         Starting Terminate Plymouth Boot Screen...
[[0;32m  OK  [0m] Started Hold until boot process finishes up.
[[0;32m  OK  [0m] Started Terminate Plymouth Boot Screen.
[[0;32m  OK  [0m] Started Resets System Activity Data Collector.
         Starting Set console scheme...
[[0;32m  OK  [0m] Started Serial Getty on ttyS0.
[[0;32m  OK  [0m] Started Login Service.
[[0;32m  OK  [0m] Started Unattended Upgrades Shutdown.
[[0;32m  OK  [0m] Started OpenBSD Secure Shell server.
[[0;32m  OK  [0m] Started LSB: Record successful boot for GRUB.
[[0;32m  OK  [0m] Started LSB: automatic crash report generation.
[[0;32m  OK  [0m] Started Virtualbox guest utils.
[[0;32m  OK  [0m] Started Set console scheme.
         Starting Authorization Manager...
[[0;32m  OK  [0m] Created slice system-getty.slice.
[[0;32m  OK  [0m] Started Getty on tty1.
[[0;32m  OK  [0m] Reached target Login Prompts.
[[0;32m  OK  [0m] Started Authorization Manager.
[[0;32m  OK  [0m] Started Accounts Service.
[[0;32m  OK  [0m] Started LXD - container startup/shutdown.
[[0;32m  OK  [0m] Started Snappy daemon.
         Starting Wait until snapd is fully seeded...
[[0;32m  OK  [0m] Started Wait until snapd is fully seeded.
         Starting Apply the settings specified in cloud-config...
[   30.128593] cloud-init[1252]: Cloud-init v. 19.1-1-gbaa47854-0ubuntu1~18.04.1 running 'modules:config' at Tue, 29 Oct 2019 01:17:02 +0000. Up 30.04 seconds.
[[0;32m  OK  [0m] Started Apply the settings specified in cloud-config.
[[0;32m  OK  [0m] Started PostgreSQL Cluster 10-main.
         Starting PostgreSQL RDBMS...
[[0;32m  OK  [0m] Started PostgreSQL RDBMS.
[[0;32m  OK  [0m] Reached target Multi-User System.
[[0;32m  OK  [0m] Reached target Graphical Interface.
         Starting Update UTMP about System Runlevel Changes...
         Starting Execute cloud user/final scripts...
[[0;32m  OK  [0m] Started Update UTMP about System Runlevel Changes.
[   32.151426] cloud-init[1309]: Cloud-init v. 19.1-1-gbaa47854-0ubuntu1~18.04.1 running 'modules:final' at Tue, 29 Oct 2019 01:17:04 +0000. Up 32.06 seconds.
[[0;32m  OK  [0m] Started Execute cloud user/final scripts.
[   32.208968] [cloud-init[0;32m  OK  [0m[1309]: Cloud-init v. 19.1-1-gbaa47854-0ubuntu1~18.04.1 finished at Tue, 29 Oct 2019 01:17:04 +0000. Datasource DataSourceNoCloud [seed=/dev/sdb][dsmode=net].  Up 32.14 seconds
] Reached target Cloud-init target.
         Starting Daily apt download activities...

Ubuntu 18.04.3 LTS ubuntu-bionic ttyS0

ubuntu-bionic login: 